---
source: tests/shims_test.rs
expression: "std :: fs ::\nread_to_string(sandbox.path().join(\".proto/shims/registry.json\")).unwrap()"
snapshot_kind: text
---
{
  "zig": {}
}
